###############################################################################
#
# IAR ELF Linker V8.20.2.14835/W32 for ARM                08/Jan/2018  16:14:40
# Copyright 2007-2017 IAR Systems AB.
#
#    Output file  =  C:\Embedded_Program\Lesson11\Debug\Exe\project.out
#    Map file     =  C:\Embedded_Program\Lesson11\Debug\List\project.map
#    Command line =  
#        -f C:\Users\MAHMOU~1.ELS\AppData\Local\Temp\EW189E.tmp
#        (C:\Embedded_Program\Lesson11\Debug\Obj\delay.o
#        C:\Embedded_Program\Lesson11\Debug\Obj\main.o -o
#        C:\Embedded_Program\Lesson11\Debug\Exe\project.out --redirect
#        _Printf=_PrintfFullNoMb --redirect _Scanf=_ScanfFullNoMb --map
#        C:\Embedded_Program\Lesson11\Debug\List\project.map --config
#        C:\Embedded_Program\Lesson11\project.icf --semihosting --entry
#        __iar_program_start --vfe --text_out locale)
#
###############################################################################

*******************************************************************************
*** RUNTIME MODEL ATTRIBUTES
***

CppFlavor       = *
__SystemLibrary = DLib
__dlib_version  = 6


*******************************************************************************
*** HEAP SELECTION
***

The basic heap was selected because some modules are built with
size limitations (and not runtime checking), and --advanced_heap
was not specified.


*******************************************************************************
*** PLACEMENT SUMMARY
***

"A0":  place at 0x00000000 { ro section .intvec };
"P1":  place in [from 0x00000000 to 0x0003ffff] { ro };
define block CSTACK with size = 1K, alignment = 8 { };
define block HEAP with size = 0M, alignment = 8 { };
"P2":  place in [from 0x20000000 to 0x20007fff] {
          rw, block CSTACK, block HEAP };

  Section          Kind        Address   Size  Object
  -------          ----        -------   ----  ------
"A0":                                    0x40
  .intvec          ro code  0x00000000   0x40  vector_table_M.o [5]
                          - 0x00000040   0x40

"P1":                                   0x1c8
  .text            ro code  0x00000040   0xbc  main.o [1]
  .text            ro code  0x000000fc   0x18  delay.o [1]
  .text            ro code  0x00000114   0x40  zero_init3.o [5]
  .text            ro code  0x00000154   0x28  data_init.o [5]
  .text            ro code  0x0000017c   0x22  fpinit_M.o [4]
  .iar.init_table  const    0x000001a0   0x10  - Linker created -
  .text            ro code  0x000001b0    0x2  vector_table_M.o [5]
  .text            ro code  0x000001b4   0x1e  cmain.o [5]
  .text            ro code  0x000001d2    0x4  low_level_init.o [3]
  .text            ro code  0x000001d6    0x4  exit.o [3]
  .text            ro code  0x000001dc    0xa  cexit.o [5]
  .text            ro code  0x000001e8   0x14  exit.o [6]
  .text            ro code  0x000001fc    0xc  cstartup_M.o [5]
  .rodata          const    0x00000208    0x0  zero_init3.o [5]
                          - 0x00000208  0x1c8

"P2", part 1 of 2:                       0x10
  .bss             zero     0x20000000    0x4  main.o [1]
  .bss             zero     0x20000004    0x4  main.o [1]
  .bss             zero     0x20000008    0x2  main.o [1]
  .bss             zero     0x2000000a    0x2  main.o [1]
  .bss             zero     0x2000000c    0x1  main.o [1]
  .bss             zero     0x2000000d    0x1  main.o [1]
                          - 0x2000000e    0xe

"P2", part 2 of 2:                      0x400
  CSTACK                    0x20000010  0x400  <Block>
    CSTACK         uninit   0x20000010  0x400  <Block tail>
                          - 0x20000410  0x400


*******************************************************************************
*** INIT TABLE
***

          Address     Size
          -------     ----
Zero (__iar_zero_init3)
    1 destination range, total size 0xe:
          0x20000000   0xe



*******************************************************************************
*** MODULE SUMMARY
***

    Module            ro code  ro data  rw data
    ------            -------  -------  -------
C:\Embedded_Program\Lesson11\Debug\Obj: [1]
    delay.o                24
    main.o                188                14
    -------------------------------------------
    Total:                212                14

command line: [2]
    -------------------------------------------
    Total:

dl7M_tln.a: [3]
    exit.o                  4
    low_level_init.o        4
    -------------------------------------------
    Total:                  8

m7M_tls.a: [4]
    fpinit_M.o             34
    -------------------------------------------
    Total:                 34

rt7M_tl.a: [5]
    cexit.o                10
    cmain.o                30
    cstartup_M.o           12
    data_init.o            40
    vector_table_M.o       66
    zero_init3.o           64
    -------------------------------------------
    Total:                222

shb_l.a: [6]
    exit.o                 20
    -------------------------------------------
    Total:                 20

    Gaps                    6        2
    Linker created                  16    1 024
-----------------------------------------------
    Grand Total:          502       18    1 038


*******************************************************************************
*** ENTRY LIST
***

Entry                      Address  Size  Type      Object
-----                      -------  ----  ----      ------
.iar.init_table$$Base   0x000001a0         --   Gb  - Linker created -
.iar.init_table$$Limit  0x000001b0         --   Gb  - Linker created -
?main                   0x000001b5        Code  Gb  cmain.o [5]
CSTACK$$Base            0x20000010         --   Gb  - Linker created -
CSTACK$$Limit           0x20000410         --   Gb  - Linker created -
Region$$Table$$Base     0x000001a0         --   Gb  - Linker created -
Region$$Table$$Limit    0x000001b0         --   Gb  - Linker created -
__cmain                 0x000001b5        Code  Gb  cmain.o [5]
__exit                  0x000001e9  0x14  Code  Gb  exit.o [6]
__iar_data_init3        0x00000155  0x28  Code  Gb  data_init.o [5]
__iar_init_vfp          0x0000017d        Code  Gb  fpinit_M.o [4]
__iar_program_start     0x000001fd        Code  Gb  cstartup_M.o [5]
__iar_systems$$module {Abs}
                        0x00000001        Data  Gb  command line/config [2]
__iar_zero_init3        0x00000115  0x40  Code  Gb  zero_init3.o [5]
__low_level_init        0x000001d3   0x4  Code  Gb  low_level_init.o [3]
__vector_table          0x00000000        Data  Gb  vector_table_M.o [5]
_call_main              0x000001c1        Code  Gb  cmain.o [5]
_exit                   0x000001dd        Code  Gb  cexit.o [5]
_main                   0x000001cf        Code  Gb  cmain.o [5]
delay                   0x000000fd  0x18  Code  Gb  delay.o [1]
exit                    0x000001d7   0x4  Code  Gb  exit.o [3]
main                    0x00000041  0xbc  Code  Gb  main.o [1]
u16c                    0x20000008   0x2  Data  Gb  main.o [1]
u16d                    0x2000000a   0x2  Data  Gb  main.o [1]
u32e                    0x20000000   0x4  Data  Gb  main.o [1]
u32f                    0x20000004   0x4  Data  Gb  main.o [1]
u8a                     0x2000000c   0x1  Data  Gb  main.o [1]
u8b                     0x2000000d   0x1  Data  Gb  main.o [1]


[1] = C:\Embedded_Program\Lesson11\Debug\Obj
[2] = command line
[3] = dl7M_tln.a
[4] = m7M_tls.a
[5] = rt7M_tl.a
[6] = shb_l.a

    502 bytes of readonly  code memory
     18 bytes of readonly  data memory
  1 038 bytes of readwrite data memory

Errors: none
Warnings: none
