###############################################################################
#
# IAR ELF Linker V7.70.2.11706/W32 for ARM                14/Jan/2018  12:02:59
# Copyright 2007-2016 IAR Systems AB.
#
#    Output file  =  C:\Embedded_Program\Lesson18\Debug\Exe\Project.out
#    Map file     =  C:\Embedded_Program\Lesson18\Debug\List\Project.map
#    Command line =  
#        C:\Embedded_Program\Lesson18\Debug\Obj\BSP.o
#        C:\Embedded_Program\Lesson18\Debug\Obj\main.o
#        C:\Embedded_Program\Lesson18\Debug\Obj\startup_tm4c.o -o
#        C:\Embedded_Program\Lesson18\Debug\Exe\Project.out --redirect
#        _Printf=_PrintfFull --redirect _Scanf=_ScanfFull --map
#        C:\Embedded_Program\Lesson18\Debug\List\Project.map --config
#        C:\Embedded_Program\Lesson18\Project.icf --semihosting --entry
#        __iar_program_start --vfe
#
###############################################################################

*******************************************************************************
*** RUNTIME MODEL ATTRIBUTES
***

CppFlavor       = *
__SystemLibrary = DLib


*******************************************************************************
*** PLACEMENT SUMMARY
***

"A0":  place at 0x00000000 { ro section .intvec };
"P1":  place in [from 0x00000000 to 0x0003ffff] { ro };
"P2":  place in [from 0x20000000 to 0x20007fff] { rw, block CSTACK, block HEAP };

  Section   Kind        Address    Size  Object
  -------   ----        -------    ----  ------
"A0":                              0x40
  .intvec   const    0x00000000    0x40  startup_tm4c.o [1]
                   - 0x00000040    0x40

"P1":                             0x194
  .text     ro code  0x00000040    0x7c  main.o [1]
  .text     ro code  0x000000bc    0x54  startup_tm4c.o [1]
  .text     ro code  0x00000110    0x3c  BSP.o [1]
  .text     ro code  0x0000014c    0x1a  cmain.o [4]
  .text     ro code  0x00000166     0x4  low_level_init.o [3]
  .text     ro code  0x0000016a     0x4  exit.o [3]
  .text     ro code  0x00000170     0xa  cexit.o [4]
  .text     ro code  0x0000017c    0x14  exit.o [5]
  .rodata   const    0x00000190     0xc  startup_tm4c.o [1]
  .rodata   const    0x0000019c     0xc  startup_tm4c.o [1]
  .rodata   const    0x000001a8     0xc  startup_tm4c.o [1]
  .rodata   const    0x000001b4     0xc  startup_tm4c.o [1]
  .text     ro code  0x000001c0     0xc  cstartup_M.o [4]
  .rodata   const    0x000001cc     0x8  startup_tm4c.o [1]
                   - 0x000001d4   0x194

"P2":                            0x1024
  CSTACK             0x20000000  0x1024  <Block>
    CSTACK  uninit   0x20000000  0x1024  <Block tail>
                   - 0x20001024  0x1024



*******************************************************************************
*** MODULE SUMMARY
***

    Module            ro code  ro data  rw data
    ------            -------  -------  -------
C:\Embedded_Program\Lesson18\Debug\Obj: [1]
    BSP.o                  60
    main.o                124
    startup_tm4c.o         84      120
    -------------------------------------------
    Total:                268      120

command line: [2]
    -------------------------------------------
    Total:

dl7M_tln.a: [3]
    exit.o                  4
    low_level_init.o        4
    -------------------------------------------
    Total:                  8

rt7M_tl.a: [4]
    cexit.o                10
    cmain.o                26
    cstartup_M.o           12
    -------------------------------------------
    Total:                 48

shb_l.a: [5]
    exit.o                 20
    -------------------------------------------
    Total:                 20

    Gaps                    4
    Linker created                        4 132
-----------------------------------------------
    Grand Total:          348      120    4 132


*******************************************************************************
*** ENTRY LIST
***

Entry                    Address  Size  Type      Object
-----                    -------  ----  ----      ------
?main                 0x0000014d        Code  Gb  cmain.o [4]
BusFault_Handler      0x000000db   0xa  Code  Gb  startup_tm4c.o [1]
CSTACK$$Base          0x20000000         --   Gb  - Linker created -
CSTACK$$Limit         0x20001024        Data  Gb  - Linker created -
DebugMon_Handler      0x000000ef   0xa  Code  Wk  startup_tm4c.o [1]
HardFault_Handler     0x000000bd   0xa  Code  Gb  startup_tm4c.o [1]
MemManage_Handler     0x000000d1   0xa  Code  Gb  startup_tm4c.o [1]
NMI_Handler           0x000000c7   0xa  Code  Gb  startup_tm4c.o [1]
NVIC_SystemReset      0x00000111  0x1c  Code  Lc  BSP.o [1]
PendSV_Handler        0x000000ef   0xa  Code  Wk  startup_tm4c.o [1]
Region$$Table$$Base   0x00000000         --   Gb  - Linker created -
Region$$Table$$Limit  0x00000000         --   Gb  - Linker created -
SVC_Handler           0x000000ef   0xa  Code  Wk  startup_tm4c.o [1]
SysTick_Handler       0x00000133   0xe  Code  Gb  BSP.o [1]
Unused_Handler        0x000000ef   0xa  Code  Gb  startup_tm4c.o [1]
UsageFault_Handler    0x000000e5   0xa  Code  Gb  startup_tm4c.o [1]
__cmain               0x0000014d        Code  Gb  cmain.o [4]
__exit                0x0000017d  0x14  Code  Gb  exit.o [5]
__iar_program_start   0x000001c1        Code  Gb  cstartup_M.o [4]
__low_level_init      0x00000167   0x4  Code  Gb  low_level_init.o [3]
__vector_table        0x00000000  0x40  Data  Gb  startup_tm4c.o [1]
_call_main            0x00000159        Code  Gb  cmain.o [4]
_exit                 0x00000171        Code  Gb  cexit.o [4]
_main                 0x00000163        Code  Gb  cmain.o [4]
assert_failed         0x0000012d   0x6  Code  Gb  BSP.o [1]
exit                  0x0000016b   0x4  Code  Gb  exit.o [3]
main                  0x00000041  0x7c  Code  Gb  main.o [1]


[1] = C:\Embedded_Program\Lesson18\Debug\Obj
[2] = command line
[3] = dl7M_tln.a
[4] = rt7M_tl.a
[5] = shb_l.a

    348 bytes of readonly  code memory
    120 bytes of readonly  data memory
  4 132 bytes of readwrite data memory

Errors: none
Warnings: none
