###############################################################################
#
# IAR ANSI C/C++ Compiler V7.70.2.11706/W32 for ARM       14/Jan/2018  11:42:36
# Copyright 1999-2016 IAR Systems AB.
#
#    Cpu mode     =  thumb
#    Endian       =  little
#    Source file  =  C:\Embedded_Program\Lesson17\BSP.c
#    Command line =  
#        C:\Embedded_Program\Lesson17\BSP.c -lc
#        C:\Embedded_Program\Lesson17\Debug\List -o
#        C:\Embedded_Program\Lesson17\Debug\Obj --no_cse --no_unroll
#        --no_inline --no_code_motion --no_tbaa --no_clustering --no_scheduling
#        --debug --endian=little --cpu=Cortex-M4 -e --fpu=VFPv4_sp
#        --dlib_config "C:\Program Files (x86)\IAR Systems\Embedded Workbench
#        7.5\arm\INC\c\DLib_Config_Normal.h" -Ol -I "C:\Program Files (x86)\IAR
#        Systems\Embedded Workbench 7.5\arm\CMSIS\Include\"
#    Locale       =  English_United States.1252
#    List file    =  C:\Embedded_Program\Lesson17\Debug\List\BSP.lst
#    Object file  =  C:\Embedded_Program\Lesson17\Debug\Obj\BSP.o
#
###############################################################################

C:\Embedded_Program\Lesson17\BSP.c
      1          /*Board suuport package*/
      2          #include "tm4c_cmsis.h"
      3          #include "BSP.h"
      4          __stackless void assert_failed (char const *file, int line)
      5          {
      6            /*TBD :damage control*/
      7            NVIC_SystemReset(); /*reset the system*/
      8          }
      9          void SysTick_Handler(void)
     10          {
     11            GPIOF_HS->DATA_Bits[LED_RED] ^= LED_RED;
     12          }

   Maximum stack usage in bytes:

   .cstack Function
   ------- --------
       0   NVIC_SystemReset
       0   SysTick_Handler
       0   assert_failed
         0   -> NVIC_SystemReset


   Section sizes:

   Bytes  Function/Label
   -----  --------------
       4  ??DataTable1
       4  ??DataTable1_1
       4  ??DataTable1_2
      28  NVIC_SystemReset
      14  SysTick_Handler
       6  assert_failed

 
 60 bytes in section .text
 
 60 bytes of CODE memory

Errors: none
Warnings: none
