###############################################################################
#
# IAR ELF Linker V8.20.2.14835/W32 for ARM                08/Jan/2018  14:05:10
# Copyright 2007-2017 IAR Systems AB.
#
#    Output file  =  C:\Embedded_Program\Lesson10\Debug\Exe\project.out
#    Map file     =  C:\Embedded_Program\Lesson10\Debug\List\project.map
#    Command line =  
#        -f C:\Users\MAHMOU~1.ELS\AppData\Local\Temp\EW8D4B.tmp
#        (C:\Embedded_Program\Lesson10\Debug\Obj\delay.o
#        C:\Embedded_Program\Lesson10\Debug\Obj\main.o -o
#        C:\Embedded_Program\Lesson10\Debug\Exe\project.out --redirect
#        _Printf=_PrintfFullNoMb --redirect _Scanf=_ScanfFullNoMb --map
#        C:\Embedded_Program\Lesson10\Debug\List\project.map --config
#        C:\Embedded_Program\Lesson10\project.icf --semihosting --entry
#        __iar_program_start --vfe --text_out locale)
#
###############################################################################

*******************************************************************************
*** RUNTIME MODEL ATTRIBUTES
***

CppFlavor       = *
__SystemLibrary = DLib
__dlib_version  = 6


*******************************************************************************
*** HEAP SELECTION
***

The basic heap was selected because some modules are built with
size limitations (and not runtime checking), and --advanced_heap
was not specified.


*******************************************************************************
*** PLACEMENT SUMMARY
***

"A0":  place at 0x00000000 { ro section .intvec };
"P1":  place in [from 0x00000000 to 0x0003ffff] { ro };
define block CSTACK with size = 1K, alignment = 8 { };
define block HEAP with size = 0M, alignment = 8 { };
"P2":  place in [from 0x20000000 to 0x20007fff] {
          rw, block CSTACK, block HEAP };

No sections matched the following patterns:

  rw  in "P2"


  Section   Kind        Address   Size  Object
  -------   ----        -------   ----  ------
"A0":                             0x40
  .intvec   ro code  0x00000000   0x40  vector_table_M.o [5]
                   - 0x00000040   0x40

"P1":                            0x10c
  .text     ro code  0x00000040   0x7c  main.o [1]
  .text     ro code  0x000000bc   0x18  delay.o [1]
  .text     ro code  0x000000d4   0x22  fpinit_M.o [4]
  .text     ro code  0x000000f6    0x2  vector_table_M.o [5]
  .text     ro code  0x000000f8   0x1e  cmain.o [5]
  .text     ro code  0x00000116    0x4  low_level_init.o [3]
  .text     ro code  0x0000011a    0x4  exit.o [3]
  .text     ro code  0x00000120    0xa  cexit.o [5]
  .text     ro code  0x0000012c   0x14  exit.o [6]
  .text     ro code  0x00000140    0xc  cstartup_M.o [5]
                   - 0x0000014c  0x10c

"P2":                            0x400
  CSTACK             0x20000000  0x400  <Block>
    CSTACK  uninit   0x20000000  0x400  <Block tail>
                   - 0x20000400  0x400



*******************************************************************************
*** MODULE SUMMARY
***

    Module            ro code  rw data
    ------            -------  -------
C:\Embedded_Program\Lesson10\Debug\Obj: [1]
    delay.o                24
    main.o                124
    ----------------------------------
    Total:                148

command line: [2]
    ----------------------------------
    Total:

dl7M_tln.a: [3]
    exit.o                  4
    low_level_init.o        4
    ----------------------------------
    Total:                  8

m7M_tls.a: [4]
    fpinit_M.o             34
    ----------------------------------
    Total:                 34

rt7M_tl.a: [5]
    cexit.o                10
    cmain.o                30
    cstartup_M.o           12
    vector_table_M.o       66
    ----------------------------------
    Total:                118

shb_l.a: [6]
    exit.o                 20
    ----------------------------------
    Total:                 20

    Gaps                    4
    Linker created               1 024
--------------------------------------
    Grand Total:          332    1 024


*******************************************************************************
*** ENTRY LIST
***

Entry                      Address  Size  Type      Object
-----                      -------  ----  ----      ------
?main                   0x000000f9        Code  Gb  cmain.o [5]
CSTACK$$Base            0x20000000         --   Gb  - Linker created -
CSTACK$$Limit           0x20000400         --   Gb  - Linker created -
Region$$Table$$Base     0x00000000         --   Gb  - Linker created -
Region$$Table$$Limit    0x00000000         --   Gb  - Linker created -
__cmain                 0x000000f9        Code  Gb  cmain.o [5]
__exit                  0x0000012d  0x14  Code  Gb  exit.o [6]
__iar_init_vfp          0x000000d5        Code  Gb  fpinit_M.o [4]
__iar_program_start     0x00000141        Code  Gb  cstartup_M.o [5]
__iar_systems$$module {Abs}
                        0x00000001        Data  Gb  command line/config [2]
__low_level_init        0x00000117   0x4  Code  Gb  low_level_init.o [3]
__vector_table          0x00000000        Data  Gb  vector_table_M.o [5]
_call_main              0x00000105        Code  Gb  cmain.o [5]
_exit                   0x00000121        Code  Gb  cexit.o [5]
_main                   0x00000113        Code  Gb  cmain.o [5]
delay                   0x000000bd  0x18  Code  Gb  delay.o [1]
exit                    0x0000011b   0x4  Code  Gb  exit.o [3]
main                    0x0000004b  0x56  Code  Gb  main.o [1]
swap                    0x00000041   0xa  Code  Gb  main.o [1]


[1] = C:\Embedded_Program\Lesson10\Debug\Obj
[2] = command line
[3] = dl7M_tln.a
[4] = m7M_tls.a
[5] = rt7M_tl.a
[6] = shb_l.a

    332 bytes of readonly  code memory
  1 024 bytes of readwrite data memory

Errors: none
Warnings: none
