###############################################################################
#
# IAR ELF Linker V7.70.2.11706/W32 for ARM                14/Jan/2018  11:19:54
# Copyright 2007-2016 IAR Systems AB.
#
#    Output file  =  C:\Embedded_Program\Lesson16\Debug\Exe\Project.out
#    Map file     =  C:\Embedded_Program\Lesson16\Debug\List\Project.map
#    Command line =  
#        C:\Embedded_Program\Lesson16\Debug\Obj\BSP.o
#        C:\Embedded_Program\Lesson16\Debug\Obj\main.o
#        C:\Embedded_Program\Lesson16\Debug\Obj\startup_tm4c.o -o
#        C:\Embedded_Program\Lesson16\Debug\Exe\Project.out --redirect
#        _Printf=_PrintfFull --redirect _Scanf=_ScanfFull --map
#        C:\Embedded_Program\Lesson16\Debug\List\Project.map --config
#        C:\Embedded_Program\Lesson16\Project.icf --semihosting --entry
#        __iar_program_start --vfe
#
###############################################################################

*******************************************************************************
*** RUNTIME MODEL ATTRIBUTES
***

CppFlavor       = *
__SystemLibrary = DLib


*******************************************************************************
*** PLACEMENT SUMMARY
***

"A0":  place at 0x00000000 { ro section .intvec };
"P1":  place in [from 0x00000000 to 0x0003ffff] { ro };
"P2":  place in [from 0x20000000 to 0x20007fff] { rw, block CSTACK, block HEAP };

  Section   Kind        Address    Size  Object
  -------   ----        -------    ----  ------
"A0":                              0x40
  .intvec   const    0x00000000    0x40  startup_tm4c.o [1]
                   - 0x00000040    0x40

"P1":                             0x1a8
  .text     ro code  0x00000040    0x6c  main.o [1]
  .text     ro code  0x000000ac    0x54  startup_tm4c.o [1]
  .text     ro code  0x00000100    0x3c  BSP.o [1]
  .text     ro code  0x0000013c    0x22  fpinit_M.o [4]
  .text     ro code  0x00000160    0x1a  cmain.o [5]
  .text     ro code  0x0000017a     0x4  low_level_init.o [3]
  .text     ro code  0x0000017e     0x4  exit.o [3]
  .text     ro code  0x00000184     0xa  cexit.o [5]
  .text     ro code  0x00000190    0x14  exit.o [6]
  .rodata   const    0x000001a4     0xc  startup_tm4c.o [1]
  .rodata   const    0x000001b0     0xc  startup_tm4c.o [1]
  .rodata   const    0x000001bc     0xc  startup_tm4c.o [1]
  .rodata   const    0x000001c8     0xc  startup_tm4c.o [1]
  .text     ro code  0x000001d4     0xc  cstartup_M.o [5]
  .rodata   const    0x000001e0     0x8  startup_tm4c.o [1]
                   - 0x000001e8   0x1a8

"P2":                            0x1024
  CSTACK             0x20000000  0x1024  <Block>
    CSTACK  uninit   0x20000000  0x1024  <Block tail>
                   - 0x20001024  0x1024



*******************************************************************************
*** MODULE SUMMARY
***

    Module            ro code  ro data  rw data
    ------            -------  -------  -------
C:\Embedded_Program\Lesson16\Debug\Obj: [1]
    BSP.o                  60
    main.o                108
    startup_tm4c.o         84      120
    -------------------------------------------
    Total:                252      120

command line: [2]
    -------------------------------------------
    Total:

dl7M_tln.a: [3]
    exit.o                  4
    low_level_init.o        4
    -------------------------------------------
    Total:                  8

m7M_tls.a: [4]
    fpinit_M.o             34
    -------------------------------------------
    Total:                 34

rt7M_tl.a: [5]
    cexit.o                10
    cmain.o                26
    cstartup_M.o           12
    -------------------------------------------
    Total:                 48

shb_l.a: [6]
    exit.o                 20
    -------------------------------------------
    Total:                 20

    Gaps                    6
    Linker created                        4 132
-----------------------------------------------
    Grand Total:          368      120    4 132


*******************************************************************************
*** ENTRY LIST
***

Entry                    Address  Size  Type      Object
-----                    -------  ----  ----      ------
?main                 0x00000161        Code  Gb  cmain.o [5]
BusFault_Handler      0x000000cb   0xa  Code  Gb  startup_tm4c.o [1]
CSTACK$$Base          0x20000000         --   Gb  - Linker created -
CSTACK$$Limit         0x20001024        Data  Gb  - Linker created -
DebugMon_Handler      0x000000df   0xa  Code  Wk  startup_tm4c.o [1]
HardFault_Handler     0x000000ad   0xa  Code  Gb  startup_tm4c.o [1]
MemManage_Handler     0x000000c1   0xa  Code  Gb  startup_tm4c.o [1]
NMI_Handler           0x000000b7   0xa  Code  Gb  startup_tm4c.o [1]
NVIC_SystemReset      0x00000101  0x1c  Code  Lc  BSP.o [1]
PendSV_Handler        0x000000df   0xa  Code  Wk  startup_tm4c.o [1]
Region$$Table$$Base   0x00000000         --   Gb  - Linker created -
Region$$Table$$Limit  0x00000000         --   Gb  - Linker created -
SVC_Handler           0x000000df   0xa  Code  Wk  startup_tm4c.o [1]
SysTick_Handler       0x00000123   0xe  Code  Gb  BSP.o [1]
Unused_Handler        0x000000df   0xa  Code  Gb  startup_tm4c.o [1]
UsageFault_Handler    0x000000d5   0xa  Code  Gb  startup_tm4c.o [1]
__cmain               0x00000161        Code  Gb  cmain.o [5]
__exit                0x00000191  0x14  Code  Gb  exit.o [6]
__iar_init_vfp        0x0000013d        Code  Gb  fpinit_M.o [4]
__iar_program_start   0x000001d5        Code  Gb  cstartup_M.o [5]
__low_level_init      0x0000017b   0x4  Code  Gb  low_level_init.o [3]
__vector_table        0x00000000  0x40  Data  Gb  startup_tm4c.o [1]
_call_main            0x0000016d        Code  Gb  cmain.o [5]
_exit                 0x00000185        Code  Gb  cexit.o [5]
_main                 0x00000177        Code  Gb  cmain.o [5]
assert_failed         0x0000011d   0x6  Code  Gb  BSP.o [1]
exit                  0x0000017f   0x4  Code  Gb  exit.o [3]
main                  0x00000041  0x6c  Code  Gb  main.o [1]


[1] = C:\Embedded_Program\Lesson16\Debug\Obj
[2] = command line
[3] = dl7M_tln.a
[4] = m7M_tls.a
[5] = rt7M_tl.a
[6] = shb_l.a

    368 bytes of readonly  code memory
    120 bytes of readonly  data memory
  4 132 bytes of readwrite data memory

Errors: none
Warnings: none
