###############################################################################
#
# IAR ELF Linker V7.70.2.11706/W32 for ARM                11/Jan/2018  13:44:25
# Copyright 2007-2016 IAR Systems AB.
#
#    Output file  =  C:\Embedded_Program\Lesson14\Debug\Exe\Project.out
#    Map file     =  C:\Embedded_Program\Lesson14\Debug\List\Project.map
#    Command line =  
#        C:\Embedded_Program\Lesson14\Debug\Obj\delay.o
#        C:\Embedded_Program\Lesson14\Debug\Obj\main.o
#        C:\Embedded_Program\Lesson14\Debug\Obj\startup_tm4c.o -o
#        C:\Embedded_Program\Lesson14\Debug\Exe\Project.out --redirect
#        _Printf=_PrintfFull --redirect _Scanf=_ScanfFull --map
#        C:\Embedded_Program\Lesson14\Debug\List\Project.map --config
#        C:\Embedded_Program\Lesson14\Project.icf --semihosting --entry
#        __iar_program_start --vfe
#
###############################################################################

*******************************************************************************
*** RUNTIME MODEL ATTRIBUTES
***

CppFlavor       = *
__SystemLibrary = DLib


*******************************************************************************
*** PLACEMENT SUMMARY
***

"A0":  place at 0x00000000 { ro section .intvec };
"P1":  place in [from 0x00000000 to 0x0003ffff] { ro };
"P2":  place in [from 0x20000000 to 0x20007fff] { rw, block CSTACK, block HEAP };
initialize by copy { rw };

  Section            Kind        Address   Size  Object
  -------            ----        -------   ----  ------
"A0":                                       0x8
  .intvec            const    0x00000000    0x8  startup_tm4c.o [1]
                            - 0x00000008    0x8

"P1":                                     0x180
  .text              ro code  0x00000008   0x90  main.o [1]
  .text              ro code  0x00000098    0xc  delay.o [1]
  .text              ro code  0x000000a4   0x2c  copy_init3.o [5]
  .text              ro code  0x000000d0   0x28  data_init.o [5]
  .text              ro code  0x000000f8   0x22  fpinit_M.o [4]
  .iar.init_table    const    0x0000011c   0x14  - Linker created -
  .text              ro code  0x00000130   0x1a  cmain.o [5]
  .text              ro code  0x0000014a    0x4  low_level_init.o [3]
  .text              ro code  0x0000014e    0x4  exit.o [3]
  .text              ro code  0x00000154    0xa  cexit.o [5]
  .text              ro code  0x00000160   0x14  exit.o [6]
  .text              ro code  0x00000174    0xc  cstartup_M.o [5]
  Initializer bytes  const    0x00000180    0x8  <for P2-1>
  .rodata            const    0x00000188    0x0  copy_init3.o [5]
                            - 0x00000188  0x180

"P2":                                       0x8
  P2-1                        0x20000000    0x8  <Init block>
    .data            inited   0x20000000    0x4  main.o [1]
    .bss             inited   0x20000004    0x4  main.o [1]
                            - 0x20000008    0x8


*******************************************************************************
*** INIT TABLE
***

          Address     Size
          -------     ----
Copy (__iar_copy_init3)
    1 source range, total size 0x8:
          0x00000180   0x8
    1 destination range, total size 0x8:
          0x20000000   0x8



*******************************************************************************
*** MODULE SUMMARY
***

    Module            ro code  ro data  rw data
    ------            -------  -------  -------
C:\Embedded_Program\Lesson14\Debug\Obj: [1]
    delay.o                12
    main.o                144        8        8
    startup_tm4c.o                   8
    -------------------------------------------
    Total:                156       16        8

command line: [2]
    -------------------------------------------
    Total:

dl7M_tln.a: [3]
    exit.o                  4
    low_level_init.o        4
    -------------------------------------------
    Total:                  8

m7M_tls.a: [4]
    fpinit_M.o             34
    -------------------------------------------
    Total:                 34

rt7M_tl.a: [5]
    cexit.o                10
    cmain.o                26
    copy_init3.o           44
    cstartup_M.o           12
    data_init.o            40
    -------------------------------------------
    Total:                132

shb_l.a: [6]
    exit.o                 20
    -------------------------------------------
    Total:                 20

    Gaps                    4        2
    Linker created                  20
-----------------------------------------------
    Grand Total:          354       38        8


*******************************************************************************
*** ENTRY LIST
***

Entry                      Address  Size  Type      Object
-----                      -------  ----  ----      ------
.iar.init_table$$Base   0x0000011c         --   Gb  - Linker created -
.iar.init_table$$Limit  0x00000130         --   Gb  - Linker created -
?main                   0x00000131        Code  Gb  cmain.o [5]
Region$$Table$$Base     0x0000011c         --   Gb  - Linker created -
Region$$Table$$Limit    0x00000130         --   Gb  - Linker created -
__cmain                 0x00000131        Code  Gb  cmain.o [5]
__exit                  0x00000161  0x14  Code  Gb  exit.o [6]
__iar_copy_init3        0x000000a5  0x2c  Code  Gb  copy_init3.o [5]
__iar_data_init3        0x000000d1  0x28  Code  Gb  data_init.o [5]
__iar_init_vfp          0x000000f9        Code  Gb  fpinit_M.o [4]
__iar_program_start     0x00000175        Code  Gb  cstartup_M.o [5]
__low_level_init        0x0000014b   0x4  Code  Gb  low_level_init.o [3]
__vector_table          0x00000000   0x8  Data  Gb  startup_tm4c.o [1]
_call_main              0x0000013d        Code  Gb  cmain.o [5]
_exit                   0x00000155        Code  Gb  cexit.o [5]
_main                   0x00000147        Code  Gb  cmain.o [5]
delay                   0x00000099   0xc  Code  Gb  delay.o [1]
exit                    0x0000014f   0x4  Code  Gb  exit.o [3]
main                    0x00000009  0x90  Code  Gb  main.o [1]
p1                      0x20000000   0x4  Data  Gb  main.o [1]
p2                      0x20000004   0x4  Data  Gb  main.o [1]


[1] = C:\Embedded_Program\Lesson14\Debug\Obj
[2] = command line
[3] = dl7M_tln.a
[4] = m7M_tls.a
[5] = rt7M_tl.a
[6] = shb_l.a

  354 bytes of readonly  code memory
   38 bytes of readonly  data memory
    8 bytes of readwrite data memory

Errors: none
Warnings: none
