###############################################################################
#
# IAR ANSI C/C++ Compiler V7.70.2.11706/W32 for ARM       11/Jan/2018  16:58:25
# Copyright 1999-2016 IAR Systems AB.
#
#    Cpu mode     =  thumb
#    Endian       =  little
#    Source file  =  C:\Embedded_Program\Lesson15\delay.c
#    Command line =  
#        C:\Embedded_Program\Lesson15\delay.c -lc
#        C:\Embedded_Program\Lesson15\Debug\List -o
#        C:\Embedded_Program\Lesson15\Debug\Obj --no_cse --no_unroll
#        --no_inline --no_code_motion --no_tbaa --no_clustering --no_scheduling
#        --debug --endian=little --cpu=Cortex-M4 -e --fpu=VFPv4_sp
#        --dlib_config "C:\Program Files (x86)\IAR Systems\Embedded Workbench
#        7.5\arm\INC\c\DLib_Config_Normal.h" -Ol -I "C:\Program Files (x86)\IAR
#        Systems\Embedded Workbench 7.5\arm\CMSIS\Include\"
#    Locale       =  English_United States.1252
#    List file    =  C:\Embedded_Program\Lesson15\Debug\List\delay.lst
#    Object file  =  C:\Embedded_Program\Lesson15\Debug\Obj\delay.o
#
###############################################################################

C:\Embedded_Program\Lesson15\delay.c
      1          void delay(int iter)
      2          {
      3           int counter=0;
      4              while(counter<iter)
      5              {
      6               ++counter;
      7              }
      8          }

   Maximum stack usage in bytes:

   .cstack Function
   ------- --------
       0   delay


   Section sizes:

   Bytes  Function/Label
   -----  --------------
      12  delay

 
 12 bytes in section .text
 
 12 bytes of CODE memory

Errors: none
Warnings: none
