###############################################################################
#
# IAR ELF Linker V8.20.2.14835/W32 for ARM                04/Jan/2018  12:09:56
# Copyright 2007-2017 IAR Systems AB.
#
#    Output file  =  C:\Embedded_Program\Lesson3\Debug\Exe\project.out
#    Map file     =  C:\Embedded_Program\Lesson3\Debug\List\project.map
#    Command line =  
#        -f C:\Users\MAHMOU~1.ELS\AppData\Local\Temp\EW9A9A.tmp
#        (C:\Embedded_Program\Lesson3\Debug\Obj\main.o -o
#        C:\Embedded_Program\Lesson3\Debug\Exe\project.out --redirect
#        _Printf=_PrintfFullNoMb --redirect _Scanf=_ScanfFullNoMb --map
#        C:\Embedded_Program\Lesson3\Debug\List\project.map --config
#        "C:\Program Files (x86)\IAR Systems\Embedded Workbench
#        8.0\arm\config\linker\TexasInstruments\LM4F120H5QR.icf" --semihosting
#        --entry __iar_program_start --vfe --text_out locale)
#
###############################################################################

*******************************************************************************
*** RUNTIME MODEL ATTRIBUTES
***

CppFlavor       = *
__SystemLibrary = DLib
__dlib_version  = 6


*******************************************************************************
*** HEAP SELECTION
***

The basic heap was selected because some modules are built with
size limitations (and not runtime checking), and --advanced_heap
was not specified.


*******************************************************************************
*** PLACEMENT SUMMARY
***

"A0":  place at 0x00000000 { ro section .intvec };
"P1":  place in [from 0x00000000 to 0x0003ffff] { ro };
define block CSTACK with size = 2K, alignment = 8 { };
define block HEAP with size = 8K, alignment = 8 { };
"P2":  place in [from 0x20000000 to 0x20007fff] {
          rw, block CSTACK, block HEAP };

  Section          Kind        Address   Size  Object
  -------          ----        -------   ----  ------
"A0":                                    0x40
  .intvec          ro code  0x00000000   0x40  vector_table_M.o [5]
                          - 0x00000040   0x40

"P1":                                   0x10c
  .text            ro code  0x00000040   0x40  zero_init3.o [5]
  .text            ro code  0x00000080   0x28  data_init.o [5]
  .text            ro code  0x000000a8   0x22  fpinit_M.o [4]
  .iar.init_table  const    0x000000cc   0x10  - Linker created -
  .text            ro code  0x000000dc    0x2  vector_table_M.o [5]
  .text            ro code  0x000000e0   0x1e  cmain.o [5]
  .text            ro code  0x000000fe    0x4  low_level_init.o [3]
  .text            ro code  0x00000104   0x18  main.o [1]
  .text            ro code  0x0000011c    0x4  exit.o [3]
  .text            ro code  0x00000120    0xa  cexit.o [5]
  .text            ro code  0x0000012c   0x14  exit.o [6]
  .text            ro code  0x00000140    0xc  cstartup_M.o [5]
  .rodata          const    0x0000014c    0x0  zero_init3.o [5]
                          - 0x0000014c  0x10c

"P2", part 1 of 2:                        0x4
  .bss             zero     0x20000000    0x4  main.o [1]
                          - 0x20000004    0x4

"P2", part 2 of 2:                      0x800
  CSTACK                    0x20000008  0x800  <Block>
    CSTACK         uninit   0x20000008  0x800  <Block tail>
                          - 0x20000808  0x800


*******************************************************************************
*** INIT TABLE
***

          Address     Size
          -------     ----
Zero (__iar_zero_init3)
    1 destination range, total size 0x4:
          0x20000000   0x4



*******************************************************************************
*** MODULE SUMMARY
***

    Module            ro code  ro data  rw data
    ------            -------  -------  -------
C:\Embedded_Program\Lesson3\Debug\Obj: [1]
    main.o                 24                 4
    -------------------------------------------
    Total:                 24                 4

command line: [2]
    -------------------------------------------
    Total:

dl7M_tln.a: [3]
    exit.o                  4
    low_level_init.o        4
    -------------------------------------------
    Total:                  8

m7M_tls.a: [4]
    fpinit_M.o             34
    -------------------------------------------
    Total:                 34

rt7M_tl.a: [5]
    cexit.o                10
    cmain.o                30
    cstartup_M.o           12
    data_init.o            40
    vector_table_M.o       66
    zero_init3.o           64
    -------------------------------------------
    Total:                222

shb_l.a: [6]
    exit.o                 20
    -------------------------------------------
    Total:                 20

    Gaps                    6        2
    Linker created                  16    2 048
-----------------------------------------------
    Grand Total:          314       18    2 052


*******************************************************************************
*** ENTRY LIST
***

Entry                      Address  Size  Type      Object
-----                      -------  ----  ----      ------
.iar.init_table$$Base   0x000000cc         --   Gb  - Linker created -
.iar.init_table$$Limit  0x000000dc         --   Gb  - Linker created -
?main                   0x000000e1        Code  Gb  cmain.o [5]
CSTACK$$Base            0x20000008         --   Gb  - Linker created -
CSTACK$$Limit           0x20000808         --   Gb  - Linker created -
Region$$Table$$Base     0x000000cc         --   Gb  - Linker created -
Region$$Table$$Limit    0x000000dc         --   Gb  - Linker created -
__cmain                 0x000000e1        Code  Gb  cmain.o [5]
__exit                  0x0000012d  0x14  Code  Gb  exit.o [6]
__iar_data_init3        0x00000081  0x28  Code  Gb  data_init.o [5]
__iar_init_vfp          0x000000a9        Code  Gb  fpinit_M.o [4]
__iar_program_start     0x00000141        Code  Gb  cstartup_M.o [5]
__iar_systems$$module {Abs}
                        0x00000001        Data  Gb  command line/config [2]
__iar_zero_init3        0x00000041  0x40  Code  Gb  zero_init3.o [5]
__low_level_init        0x000000ff   0x4  Code  Gb  low_level_init.o [3]
__vector_table          0x00000000        Data  Gb  vector_table_M.o [5]
_call_main              0x000000ed        Code  Gb  cmain.o [5]
_exit                   0x00000121        Code  Gb  cexit.o [5]
_main                   0x000000fb        Code  Gb  cmain.o [5]
counter                 0x20000000   0x4  Data  Gb  main.o [1]
exit                    0x0000011d   0x4  Code  Gb  exit.o [3]
main                    0x00000105  0x18  Code  Gb  main.o [1]


[1] = C:\Embedded_Program\Lesson3\Debug\Obj
[2] = command line
[3] = dl7M_tln.a
[4] = m7M_tls.a
[5] = rt7M_tl.a
[6] = shb_l.a

    314 bytes of readonly  code memory
     18 bytes of readonly  data memory
  2 052 bytes of readwrite data memory

Errors: none
Warnings: none
